15.0149 	INFO 	Loaded monitor calibration from ['2026_06_24 03:29']
15.9189 	INFO 	Using renderer 'NVIDIA GeForce MX250/PCIe/SSE2' for graphics
15.9189 	INFO 	OpenGL version supported by driver is 4..
15.9724 	EXP 	Created window1 = Window(allowGUI=True, allowStencil=True, autoLog=True, backendConf=UNKNOWN, backgroundFit=<method-wrapper '__getattribute__' of attributeSetter object at 0x00000199B9AD5780>, backgroundImage=<method-wrapper '__getattribute__' of attributeSetter object at 0x00000199B9AD5720>, bitsMode=UNKNOWN, blendMode='avg', bpc=(8, 8, 8), color='beb0df', colorSpace='hex', depthBits=8, fullscr=False, gamma=None, gammaErrorPolicy='raise', infoMsg=UNKNOWN, lms=UNKNOWN, monitor=<psychopy.monitors.calibTools.Monitor object at 0x00000199B9B80D30>, multiSample=False, name='window1', numSamples=2, pos=[np.float64(560.0), np.float64(240.0)], screen=0, size=array([800, 600]), stencilBits=8, stereo=False, title='PsychoPy', units='height', useFBO=True, useRetina=False, viewOri=0.0, viewPos=None, viewScale=None, waitBlanking=True, winType='pyglet')
16.0255 	EXP 	Created unnamed ImageStim = ImageStim(__class__=<class 'psychopy.visual.image.ImageStim'>, anchor=('center', 'center'), autoLog=True, color=array([1., 1., 1.]), colorSpace='rgb', contrast=1.0, depth=0, draggable=False, flipHoriz=np.False_, flipVert=np.False_, image='background.jpg', interpolate=False, mask=None, maskParams=None, name='unnamed ImageStim', opacity=1, ori=0.0, pos=array([0., 0.]), size=array([2.27666667, 1.28      ]), texRes=128, units='height', win=Window(...))
16.0256 	EXP 	window1: backgroundImage = 'background.jpg'
16.0262 	EXP 	window1: backgroundFit = 'contain'
16.0837 	DEBUG 	TextBox2 loaded 1 chars with 0 blanks and 1 valid
16.0978 	DEBUG 	TextBox2 loaded 1 chars with 0 blanks and 1 valid
16.1122 	DEBUG 	TextBox2 loaded 1 chars with 0 blanks and 1 valid
16.1266 	DEBUG 	TextBox2 loaded 1 chars with 0 blanks and 1 valid
16.1409 	DEBUG 	TextBox2 loaded 1 chars with 0 blanks and 1 valid
16.1553 	DEBUG 	TextBox2 loaded 1 chars with 0 blanks and 1 valid
16.1696 	DEBUG 	TextBox2 loaded 1 chars with 0 blanks and 1 valid
16.1833 	DEBUG 	TextBox2 loaded 1 chars with 0 blanks and 1 valid
16.1969 	DEBUG 	TextBox2 loaded 1 chars with 0 blanks and 1 valid
16.2105 	DEBUG 	TextBox2 loaded 1 chars with 0 blanks and 1 valid
16.2248 	DEBUG 	TextBox2 loaded 1 chars with 0 blanks and 1 valid
16.2389 	DEBUG 	TextBox2 loaded 1 chars with 0 blanks and 1 valid
16.2526 	DEBUG 	TextBox2 loaded 1 chars with 0 blanks and 1 valid
16.2666 	DEBUG 	TextBox2 loaded 1 chars with 0 blanks and 1 valid
16.2806 	DEBUG 	TextBox2 loaded 1 chars with 0 blanks and 1 valid
16.2944 	DEBUG 	TextBox2 loaded 1 chars with 0 blanks and 1 valid
16.3085 	DEBUG 	TextBox2 loaded 1 chars with 0 blanks and 1 valid
16.3224 	DEBUG 	TextBox2 loaded 1 chars with 0 blanks and 1 valid
16.3405 	DEBUG 	TextBox2 loaded 1 chars with 0 blanks and 1 valid
16.3546 	DEBUG 	TextBox2 loaded 1 chars with 0 blanks and 1 valid
16.3694 	DEBUG 	TextBox2 loaded 1 chars with 0 blanks and 1 valid
16.3837 	DEBUG 	TextBox2 loaded 1 chars with 0 blanks and 1 valid
16.3974 	DEBUG 	TextBox2 loaded 1 chars with 0 blanks and 1 valid
16.4114 	DEBUG 	TextBox2 loaded 1 chars with 0 blanks and 1 valid
16.4255 	DEBUG 	TextBox2 loaded 1 chars with 0 blanks and 1 valid
16.4396 	DEBUG 	TextBox2 loaded 1 chars with 0 blanks and 1 valid
16.4540 	DEBUG 	TextBox2 loaded 1 chars with 0 blanks and 1 valid
16.4686 	DEBUG 	TextBox2 loaded 1 chars with 0 blanks and 1 valid
16.4691 	DEBUG 	Uploading Texture Font fontname to graphics card
16.4720 	DEBUG 	Upload of Texture Font fontname complete
16.4920 	DEBUG 	TextBox2 loaded 1 chars with 0 blanks and 1 valid
16.5072 	DEBUG 	TextBox2 loaded 1 chars with 0 blanks and 1 valid
16.5076 	DEBUG 	Uploading Texture Font fontname to graphics card
16.5212 	DEBUG 	Upload of Texture Font fontname complete
16.6133 	INFO 	keyboard.Keyboard is using ptb backend.
16.6133 	EXP 	ArabicTask: status = STARTED
16.8273 	EXP 	Created textWelcome = TextStim(__class__=<class 'psychopy.visual.text.TextStim'>, alignHoriz=method-wrapper(...), alignText='center', alignVert=method-wrapper(...), anchorHoriz='center', anchorVert='center', antialias=True, autoDraw=False, autoLog=True, bold=False, color=array([-0.23137255, -0.34117647, -0.02745098]), colorSpace='rgb', contrast=1.0, depth=-2.0, draggable=False, flipHoriz=False, flipVert=False, font='Broadway', fontFiles=[], height=np.float64(0.1), italic=False, languageStyle='Arabic', name='textWelcome', opacity=1, ori=0.0, pos=array([0. , 0.1]), rgb=UNKNOWN, text=str(...), units='height', win=Window(...), wrapWidth=1)
16.8394 	EXP 	Created polygonStart = ShapeStim(__class__=<class 'psychopy.visual.shape.ShapeStim'>, anchor=('center', 'center'), autoDraw=False, autoLog=True, closeShape=True, color=method-wrapper(...), colorSpace='hex', contrast=None, depth=-3.0, draggable=False, fillColor='b6a7da', fillColorSpace='hex', fillRGB=array([0.42745098, 0.30980392, 0.70980392]), interpolate=False, lineColor='#b6a7da', lineColorSpace='hex', lineRGB=array([0.42745098, 0.30980392, 0.70980392]), lineWidth=2.0, name='polygonStart', opacity=1, ori=0.0, pos=array([ 0. , -0.3]), size=array([0.35, 0.35]), units='height', vertices=ndarray(...), win=Window(...), windingRule=None)
16.8530 	EXP 	Created text_ButtonStart = TextStim(__class__=<class 'psychopy.visual.text.TextStim'>, alignHoriz=method-wrapper(...), alignText='center', alignVert=method-wrapper(...), anchorHoriz='center', anchorVert='center', antialias=True, autoDraw=False, autoLog=True, bold=False, color=array([1., 1., 1.]), colorSpace='rgb', contrast=1.0, depth=-4.0, draggable=False, flipHoriz=False, flipVert=False, font='Broadway', fontFiles=[], height=np.float64(0.045), italic=False, languageStyle='Arabic', name='text_ButtonStart', opacity=1, ori=0.0, pos=array([ 0. , -0.3]), rgb=UNKNOWN, text='START\nﺍﺪﺑﺇ', units='height', win=Window(...), wrapWidth=1)
16.9356 	EXP 	Created baseline_typing = TextStim(__class__=<class 'psychopy.visual.text.TextStim'>, alignHoriz=method-wrapper(...), alignText='center', alignVert=method-wrapper(...), anchorHoriz='center', anchorVert='center', antialias=True, autoDraw=False, autoLog=True, bold=False, color=array([-0.23137255, -0.34117647, -0.02745098]), colorSpace='rgb', contrast=1.0, depth=0.0, draggable=False, flipHoriz=False, flipVert=False, font='Bahnschrift', fontFiles=[], height=np.float64(0.05), italic=False, languageStyle='Arabic', name='baseline_typing', opacity=1, ori=0.0, pos=array([0. , 0.1]), rgb=UNKNOWN, text=str(...), units='height', win=Window(...), wrapWidth=1)
16.9396 	EXP 	Created polygonBaseline = ShapeStim(__class__=<class 'psychopy.visual.shape.ShapeStim'>, anchor=('center', 'center'), autoDraw=False, autoLog=True, closeShape=True, color=method-wrapper(...), colorSpace='hex', contrast=None, depth=-1.0, draggable=False, fillColor='b6a7da', fillColorSpace='hex', fillRGB=array([0.42745098, 0.30980392, 0.70980392]), interpolate=True, lineColor='#b6a7da', lineColorSpace='hex', lineRGB=array([0.42745098, 0.30980392, 0.70980392]), lineWidth=2.0, name='polygonBaseline', opacity=1, ori=0.0, pos=array([ 0. , -0.3]), size=array([0.35, 0.35]), units='height', vertices=ndarray(...), win=Window(...), windingRule=None)
16.9492 	EXP 	Created textBaseline_Start = TextStim(__class__=<class 'psychopy.visual.text.TextStim'>, alignHoriz=method-wrapper(...), alignText='center', alignVert=method-wrapper(...), anchorHoriz='center', anchorVert='center', antialias=True, autoDraw=False, autoLog=True, bold=False, color=array([1., 1., 1.]), colorSpace='rgb', contrast=1.0, depth=-2.0, draggable=False, flipHoriz=False, flipVert=False, font='Broadway', fontFiles=[], height=np.float64(0.045), italic=False, languageStyle='Arabic', name='textBaseline_Start', opacity=1, ori=0.0, pos=array([ 0. , -0.3]), rgb=UNKNOWN, text='Begin\nﺍﺪﺑﺇ', units='height', win=Window(...), wrapWidth=1)
16.9943 	EXP 	Created baseline_Paragraph = TextStim(__class__=<class 'psychopy.visual.text.TextStim'>, alignHoriz=method-wrapper(...), alignText='center', alignVert=method-wrapper(...), anchorHoriz='center', anchorVert='center', antialias=True, autoDraw=False, autoLog=True, bold=False, color=array([-0.23137255, -0.34117647, -0.02745098]), colorSpace='rgb', contrast=1.0, depth=0.0, draggable=False, flipHoriz=False, flipVert=False, font='Bahnschrift', fontFiles=[], height=np.float64(0.05), italic=False, languageStyle='Arabic', name='baseline_Paragraph', opacity=1, ori=0.0, pos=array([0. , 0.2]), rgb=UNKNOWN, text=str(...), units='height', win=Window(...), wrapWidth=1)
17.0041 	DEBUG 	TextBox2 loaded 1 chars with 0 blanks and 1 valid
17.0053 	DEBUG 	TextBox2 loaded 1 chars with 0 blanks and 1 valid
17.0064 	DEBUG 	TextBox2 loaded 1 chars with 0 blanks and 1 valid
17.0074 	DEBUG 	TextBox2 loaded 1 chars with 0 blanks and 1 valid
17.0080 	DEBUG 	TextBox2 loaded 1 chars with 0 blanks and 1 valid
17.0086 	DEBUG 	TextBox2 loaded 1 chars with 0 blanks and 1 valid
17.0096 	DEBUG 	TextBox2 loaded 1 chars with 0 blanks and 1 valid
17.0106 	DEBUG 	TextBox2 loaded 1 chars with 0 blanks and 1 valid
17.0114 	DEBUG 	TextBox2 loaded 1 chars with 0 blanks and 1 valid
17.0128 	DEBUG 	TextBox2 loaded 1 chars with 0 blanks and 1 valid
17.0146 	DEBUG 	TextBox2 loaded 1 chars with 0 blanks and 1 valid
17.0161 	DEBUG 	TextBox2 loaded 1 chars with 0 blanks and 1 valid
17.0174 	DEBUG 	TextBox2 loaded 1 chars with 0 blanks and 1 valid
17.0187 	DEBUG 	TextBox2 loaded 1 chars with 0 blanks and 1 valid
17.0200 	DEBUG 	TextBox2 loaded 1 chars with 0 blanks and 1 valid
17.0204 	DEBUG 	Uploading Texture Font fontname to graphics card
17.0220 	DEBUG 	Upload of Texture Font fontname complete
17.0245 	EXP 	Created textClocktimer = TextStim(__class__=<class 'psychopy.visual.text.TextStim'>, alignHoriz=method-wrapper(...), alignText='center', alignVert=method-wrapper(...), anchorHoriz='center', anchorVert='center', antialias=True, autoDraw=False, autoLog=True, bold=False, color=array([ 0.09019608, -1.        , -1.        ]), colorSpace='rgb', contrast=1.0, depth=-2.0, draggable=False, flipHoriz=False, flipVert=False, font='Broadway', fontFiles=[], height=0.05, italic=False, languageStyle='LTR', name='textClocktimer', opacity=1, ori=0.0, pos=array([0.6, 0.4]), rgb=UNKNOWN, text='', units='height', win=Window(...), wrapWidth=1)
17.0260 	EXP 	Created text_Taskquestion = TextStim(__class__=<class 'psychopy.visual.text.TextStim'>, alignHoriz=method-wrapper(...), alignText='center', alignVert=method-wrapper(...), anchorHoriz='center', anchorVert='center', antialias=True, autoDraw=False, autoLog=True, bold=False, color=array([-0.23137255, -0.34117647, -0.02745098]), colorSpace='rgb', contrast=1.0, depth=0.0, draggable=False, flipHoriz=False, flipVert=False, font='Broadway', fontFiles=[], height=0.05, italic=False, languageStyle='Arabic', name='text_Taskquestion', opacity=1, ori=0.0, pos=array([0. , 0.2]), rgb=UNKNOWN, text='', units='height', win=Window(...), wrapWidth=1)
17.0356 	DEBUG 	TextBox2 loaded 1 chars with 0 blanks and 1 valid
17.0358 	DEBUG 	Uploading Texture Font fontname to graphics card
17.0376 	DEBUG 	Upload of Texture Font fontname complete
17.0399 	EXP 	Created TaskCounter = TextStim(__class__=<class 'psychopy.visual.text.TextStim'>, alignHoriz=method-wrapper(...), alignText='center', alignVert=method-wrapper(...), anchorHoriz='center', anchorVert='center', antialias=True, autoDraw=False, autoLog=True, bold=False, color=array([-0.23137255, -0.34117647, -0.02745098]), colorSpace='rgb', contrast=1.0, depth=-3.0, draggable=False, flipHoriz=False, flipVert=False, font='Arial', fontFiles=[], height=0.05, italic=False, languageStyle='LTR', name='TaskCounter', opacity=1, ori=0.0, pos=array([0. , 0.4]), rgb=UNKNOWN, text='', units='height', win=Window(...), wrapWidth=1)
17.0579 	EXP 	Created text_Goodbye = TextStim(__class__=<class 'psychopy.visual.text.TextStim'>, alignHoriz=method-wrapper(...), alignText='center', alignVert=method-wrapper(...), anchorHoriz='center', anchorVert='center', antialias=True, autoDraw=False, autoLog=True, bold=False, color=array([-0.23137255, -0.34117647, -0.02745098]), colorSpace='rgb', contrast=1.0, depth=0.0, draggable=False, flipHoriz=False, flipVert=False, font='Broadway', fontFiles=[], height=np.float64(0.1), italic=False, languageStyle='LTR', name='text_Goodbye', opacity=1, ori=0.0, pos=array([0., 0.]), rgb=UNKNOWN, text=str(...), units='height', win=Window(...), wrapWidth=1)
0.2306 	EXP 	textbox_baseline_input: autoLog = True
0.2306 	EXP 	textbox_answer: autoLog = True
0.2551 	EXP 	textWelcome: autoDraw = True
0.2551 	EXP 	polygonStart: autoDraw = True
0.2551 	EXP 	text_ButtonStart: autoDraw = True
3.1236 	DATA 	Mouse: Left button down, pos=(427,128)
3.1368 	EXP 	textWelcome: autoDraw = False
3.1368 	EXP 	polygonStart: autoDraw = False
3.1368 	EXP 	text_ButtonStart: autoDraw = False
3.1368 	EXP 	baseline_typing: autoDraw = True
3.1368 	EXP 	polygonBaseline: autoDraw = True
3.1368 	EXP 	textBaseline_Start: autoDraw = True
3.2572 	DATA 	Mouse:  Left button up, pos=(427,128)
5.6728 	DATA 	Mouse: Left button down, pos=(427,128)
5.7041 	EXP 	baseline_typing: autoDraw = False
5.7041 	EXP 	polygonBaseline: autoDraw = False
5.7041 	EXP 	textBaseline_Start: autoDraw = False
5.7041 	EXP 	baseline_Paragraph: autoDraw = True
5.7041 	EXP 	textbox_baseline_input: autoDraw = True
5.7041 	EXP 	textClocktimer: autoDraw = True
5.8109 	DATA 	Mouse:  Left button up, pos=(427,128)
10.7056 	DEBUG 	Read excel file with openpyxl: IntialTask.xlsx
10.7058 	EXP 	Imported IntialTask.xlsx as conditions, 4 conditions, 2 params
10.7061 	EXP 	New trial (rep=0, index=0): <Trial 0 (0 in rep 0) data={'Question': '(دعا) + مجزوم', 'Correct_Answer': 'يدع', 'thisN': 0, 'thisTrialN': 0, 'thisRepN': 0}>
10.7528 	INFO 	Keyboard events cleared
10.7527 	EXP 	baseline_Paragraph: autoDraw = False
10.7527 	EXP 	textbox_baseline_input: autoDraw = False
10.7527 	EXP 	textClocktimer: autoDraw = False
10.7527 	EXP 	text_Taskquestion: height = np.float64(0.05)
10.7527 	EXP 	text_Taskquestion: height = np.float64(0.05)
10.7527 	EXP 	text_Taskquestion: height = np.float64(0.05)
10.7527 	EXP 	text_Taskquestion: text = '(دعا) + مجزوم'
10.7527 	EXP 	TaskCounter: height = np.float64(0.05)
10.7527 	EXP 	TaskCounter: height = np.float64(0.05)
10.7527 	EXP 	TaskCounter: height = np.float64(0.05)
10.7527 	EXP 	TaskCounter: text = ' السؤال1 :املأ الفراغ بتصريف الفعل الصحيح'
10.7527 	EXP 	text_Taskquestion: autoDraw = True
10.7527 	EXP 	textbox_answer: autoDraw = True
10.7527 	EXP 	TaskCounter: autoDraw = True
13.0332 	EXP 	Device response: <KeyPress from None: t=13.012221800000134, value=escape, duration=None>
13.0390 	DATA 	Keypress: escape
13.1561 	EXP 	Device response: <KeyPress from None: t=13.012221800000134, value=escape, duration=0.12913490000005368>
13.1561 	EXP 	ArabicTask: status = STOPPED
13.1700 	EXP 	text_Taskquestion: autoDraw = False
13.1700 	EXP 	textbox_answer: autoDraw = False
13.1700 	EXP 	TaskCounter: autoDraw = False
13.1725 	EXP 	ArabicTask: status = STOPPED
13.1758 	INFO 	saved data to 'C:\\Users\\HP\\Downloads\\MASTER RESEARCH\\Ar_L2\\data\\pilot_ArabicTask_2026-09-24_10h33.44.965.csv'
13.1774 	INFO 	saved data to C:\Users\HP\Downloads\MASTER RESEARCH\Ar_L2\data\pilot_ArabicTask_2026-09-24_10h33.44.965.psydat
13.7200 	DEBUG 	Saving data for ArabicTask ExperimentHandler
13.7221 	INFO 	Stopping keyboard key buffers.
