4.1775 	INFO 	Loaded monitor calibration from ['2026_06_24 03:29']
4.6064 	INFO 	Using renderer 'NVIDIA GeForce MX250/PCIe/SSE2' for graphics
4.6064 	INFO 	OpenGL version supported by driver is 4..
4.6338 	EXP 	Created window1 = Window(allowGUI=True, allowStencil=True, autoLog=True, backendConf=UNKNOWN, backgroundFit=<method-wrapper '__getattribute__' of attributeSetter object at 0x0000020BBC0A1780>, backgroundImage=<method-wrapper '__getattribute__' of attributeSetter object at 0x0000020BBC0A1720>, bitsMode=UNKNOWN, blendMode='avg', bpc=(8, 8, 8), color='beb0df', colorSpace='hex', depthBits=8, fullscr=False, gamma=None, gammaErrorPolicy='raise', infoMsg=UNKNOWN, lms=UNKNOWN, monitor=<psychopy.monitors.calibTools.Monitor object at 0x0000020BBC150D30>, multiSample=False, name='window1', numSamples=2, pos=[np.float64(560.0), np.float64(240.0)], screen=0, size=array([800, 600]), stencilBits=8, stereo=False, title='PsychoPy', units='height', useFBO=True, useRetina=False, viewOri=0.0, viewPos=None, viewScale=None, waitBlanking=True, winType='pyglet')
4.6553 	EXP 	Created unnamed ImageStim = ImageStim(__class__=<class 'psychopy.visual.image.ImageStim'>, anchor=('center', 'center'), autoLog=True, color=array([1., 1., 1.]), colorSpace='rgb', contrast=1.0, depth=0, draggable=False, flipHoriz=np.False_, flipVert=np.False_, image='background.jpg', interpolate=False, mask=None, maskParams=None, name='unnamed ImageStim', opacity=1, ori=0.0, pos=array([0., 0.]), size=array([2.27666667, 1.28      ]), texRes=128, units='height', win=Window(...))
4.6553 	EXP 	window1: backgroundImage = 'background.jpg'
4.6557 	EXP 	window1: backgroundFit = 'contain'
4.6786 	DEBUG 	TextBox2 loaded 1 chars with 0 blanks and 1 valid
4.6930 	DEBUG 	TextBox2 loaded 1 chars with 0 blanks and 1 valid
4.7083 	DEBUG 	TextBox2 loaded 1 chars with 0 blanks and 1 valid
4.7311 	DEBUG 	TextBox2 loaded 1 chars with 0 blanks and 1 valid
4.7458 	DEBUG 	TextBox2 loaded 1 chars with 0 blanks and 1 valid
4.7609 	DEBUG 	TextBox2 loaded 1 chars with 0 blanks and 1 valid
4.7758 	DEBUG 	TextBox2 loaded 1 chars with 0 blanks and 1 valid
4.7901 	DEBUG 	TextBox2 loaded 1 chars with 0 blanks and 1 valid
4.8040 	DEBUG 	TextBox2 loaded 1 chars with 0 blanks and 1 valid
4.8180 	DEBUG 	TextBox2 loaded 1 chars with 0 blanks and 1 valid
4.8352 	DEBUG 	TextBox2 loaded 1 chars with 0 blanks and 1 valid
4.8503 	DEBUG 	TextBox2 loaded 1 chars with 0 blanks and 1 valid
4.8646 	DEBUG 	TextBox2 loaded 1 chars with 0 blanks and 1 valid
4.8781 	DEBUG 	TextBox2 loaded 1 chars with 0 blanks and 1 valid
4.8917 	DEBUG 	TextBox2 loaded 1 chars with 0 blanks and 1 valid
4.9058 	DEBUG 	TextBox2 loaded 1 chars with 0 blanks and 1 valid
4.9198 	DEBUG 	TextBox2 loaded 1 chars with 0 blanks and 1 valid
4.9382 	DEBUG 	TextBox2 loaded 1 chars with 0 blanks and 1 valid
4.9614 	DEBUG 	TextBox2 loaded 1 chars with 0 blanks and 1 valid
4.9815 	DEBUG 	TextBox2 loaded 1 chars with 0 blanks and 1 valid
4.9967 	DEBUG 	TextBox2 loaded 1 chars with 0 blanks and 1 valid
5.0103 	DEBUG 	TextBox2 loaded 1 chars with 0 blanks and 1 valid
5.0242 	DEBUG 	TextBox2 loaded 1 chars with 0 blanks and 1 valid
5.0383 	DEBUG 	TextBox2 loaded 1 chars with 0 blanks and 1 valid
5.0529 	DEBUG 	TextBox2 loaded 1 chars with 0 blanks and 1 valid
5.0671 	DEBUG 	TextBox2 loaded 1 chars with 0 blanks and 1 valid
5.0808 	DEBUG 	TextBox2 loaded 1 chars with 0 blanks and 1 valid
5.0942 	DEBUG 	TextBox2 loaded 1 chars with 0 blanks and 1 valid
5.0946 	DEBUG 	Uploading Texture Font fontname to graphics card
5.0962 	DEBUG 	Upload of Texture Font fontname complete
5.1181 	DEBUG 	TextBox2 loaded 1 chars with 0 blanks and 1 valid
5.1319 	DEBUG 	TextBox2 loaded 1 chars with 0 blanks and 1 valid
5.1322 	DEBUG 	Uploading Texture Font fontname to graphics card
5.1359 	DEBUG 	Upload of Texture Font fontname complete
5.2818 	INFO 	keyboard.Keyboard is using ptb backend.
5.2819 	EXP 	ArabicTask: status = STARTED
5.3437 	EXP 	Created textWelcome = TextStim(__class__=<class 'psychopy.visual.text.TextStim'>, alignHoriz=method-wrapper(...), alignText='center', alignVert=method-wrapper(...), anchorHoriz='center', anchorVert='center', antialias=True, autoDraw=False, autoLog=True, bold=False, color=array([-0.23137255, -0.34117647, -0.02745098]), colorSpace='rgb', contrast=1.0, depth=-2.0, draggable=False, flipHoriz=False, flipVert=False, font='Broadway', fontFiles=[], height=np.float64(0.1), italic=False, languageStyle='Arabic', name='textWelcome', opacity=1, ori=0.0, pos=array([0. , 0.1]), rgb=UNKNOWN, text=str(...), units='height', win=Window(...), wrapWidth=1)
5.3475 	EXP 	Created polygonStart = ShapeStim(__class__=<class 'psychopy.visual.shape.ShapeStim'>, anchor=('center', 'center'), autoDraw=False, autoLog=True, closeShape=True, color=method-wrapper(...), colorSpace='hex', contrast=None, depth=-3.0, draggable=False, fillColor='b6a7da', fillColorSpace='hex', fillRGB=array([0.42745098, 0.30980392, 0.70980392]), interpolate=False, lineColor='#b6a7da', lineColorSpace='hex', lineRGB=array([0.42745098, 0.30980392, 0.70980392]), lineWidth=2.0, name='polygonStart', opacity=1, ori=0.0, pos=array([ 0. , -0.3]), size=array([0.35, 0.35]), units='height', vertices=ndarray(...), win=Window(...), windingRule=None)
5.3571 	EXP 	Created text_ButtonStart = TextStim(__class__=<class 'psychopy.visual.text.TextStim'>, alignHoriz=method-wrapper(...), alignText='center', alignVert=method-wrapper(...), anchorHoriz='center', anchorVert='center', antialias=True, autoDraw=False, autoLog=True, bold=False, color=array([1., 1., 1.]), colorSpace='rgb', contrast=1.0, depth=-4.0, draggable=False, flipHoriz=False, flipVert=False, font='Broadway', fontFiles=[], height=np.float64(0.045), italic=False, languageStyle='Arabic', name='text_ButtonStart', opacity=1, ori=0.0, pos=array([ 0. , -0.3]), rgb=UNKNOWN, text='START\nﺍﺪﺑﺇ', units='height', win=Window(...), wrapWidth=1)
5.3977 	EXP 	Created baseline_typing = TextStim(__class__=<class 'psychopy.visual.text.TextStim'>, alignHoriz=method-wrapper(...), alignText='center', alignVert=method-wrapper(...), anchorHoriz='center', anchorVert='center', antialias=True, autoDraw=False, autoLog=True, bold=False, color=array([-0.23137255, -0.34117647, -0.02745098]), colorSpace='rgb', contrast=1.0, depth=0.0, draggable=False, flipHoriz=False, flipVert=False, font='Bahnschrift', fontFiles=[], height=np.float64(0.05), italic=False, languageStyle='Arabic', name='baseline_typing', opacity=1, ori=0.0, pos=array([0. , 0.1]), rgb=UNKNOWN, text=str(...), units='height', win=Window(...), wrapWidth=1)
5.4018 	EXP 	Created polygonBaseline = ShapeStim(__class__=<class 'psychopy.visual.shape.ShapeStim'>, anchor=('center', 'center'), autoDraw=False, autoLog=True, closeShape=True, color=method-wrapper(...), colorSpace='hex', contrast=None, depth=-1.0, draggable=False, fillColor='b6a7da', fillColorSpace='hex', fillRGB=array([0.42745098, 0.30980392, 0.70980392]), interpolate=True, lineColor='#b6a7da', lineColorSpace='hex', lineRGB=array([0.42745098, 0.30980392, 0.70980392]), lineWidth=2.0, name='polygonBaseline', opacity=1, ori=0.0, pos=array([ 0. , -0.3]), size=array([0.35, 0.35]), units='height', vertices=ndarray(...), win=Window(...), windingRule=None)
5.4092 	EXP 	Created textBaseline_Start = TextStim(__class__=<class 'psychopy.visual.text.TextStim'>, alignHoriz=method-wrapper(...), alignText='center', alignVert=method-wrapper(...), anchorHoriz='center', anchorVert='center', antialias=True, autoDraw=False, autoLog=True, bold=False, color=array([1., 1., 1.]), colorSpace='rgb', contrast=1.0, depth=-2.0, draggable=False, flipHoriz=False, flipVert=False, font='Broadway', fontFiles=[], height=np.float64(0.045), italic=False, languageStyle='Arabic', name='textBaseline_Start', opacity=1, ori=0.0, pos=array([ 0. , -0.3]), rgb=UNKNOWN, text='Begin\nﺍﺪﺑﺇ', units='height', win=Window(...), wrapWidth=1)
5.4400 	EXP 	Created baseline_Paragraph = TextStim(__class__=<class 'psychopy.visual.text.TextStim'>, alignHoriz=method-wrapper(...), alignText='center', alignVert=method-wrapper(...), anchorHoriz='center', anchorVert='center', antialias=True, autoDraw=False, autoLog=True, bold=False, color=array([-0.23137255, -0.34117647, -0.02745098]), colorSpace='rgb', contrast=1.0, depth=0.0, draggable=False, flipHoriz=False, flipVert=False, font='Bahnschrift', fontFiles=[], height=np.float64(0.05), italic=False, languageStyle='Arabic', name='baseline_Paragraph', opacity=1, ori=0.0, pos=array([0. , 0.2]), rgb=UNKNOWN, text=str(...), units='height', win=Window(...), wrapWidth=1)
5.4504 	DEBUG 	TextBox2 loaded 1 chars with 0 blanks and 1 valid
5.4517 	DEBUG 	TextBox2 loaded 1 chars with 0 blanks and 1 valid
5.4528 	DEBUG 	TextBox2 loaded 1 chars with 0 blanks and 1 valid
5.4538 	DEBUG 	TextBox2 loaded 1 chars with 0 blanks and 1 valid
5.4544 	DEBUG 	TextBox2 loaded 1 chars with 0 blanks and 1 valid
5.4549 	DEBUG 	TextBox2 loaded 1 chars with 0 blanks and 1 valid
5.4560 	DEBUG 	TextBox2 loaded 1 chars with 0 blanks and 1 valid
5.4569 	DEBUG 	TextBox2 loaded 1 chars with 0 blanks and 1 valid
5.4576 	DEBUG 	TextBox2 loaded 1 chars with 0 blanks and 1 valid
5.4589 	DEBUG 	TextBox2 loaded 1 chars with 0 blanks and 1 valid
5.4600 	DEBUG 	TextBox2 loaded 1 chars with 0 blanks and 1 valid
5.4613 	DEBUG 	TextBox2 loaded 1 chars with 0 blanks and 1 valid
5.4626 	DEBUG 	TextBox2 loaded 1 chars with 0 blanks and 1 valid
5.4637 	DEBUG 	TextBox2 loaded 1 chars with 0 blanks and 1 valid
5.4648 	DEBUG 	TextBox2 loaded 1 chars with 0 blanks and 1 valid
5.4652 	DEBUG 	Uploading Texture Font fontname to graphics card
5.4668 	DEBUG 	Upload of Texture Font fontname complete
5.4695 	EXP 	Created textClocktimer = TextStim(__class__=<class 'psychopy.visual.text.TextStim'>, alignHoriz=method-wrapper(...), alignText='center', alignVert=method-wrapper(...), anchorHoriz='center', anchorVert='center', antialias=True, autoDraw=False, autoLog=True, bold=False, color=array([ 0.09019608, -1.        , -1.        ]), colorSpace='rgb', contrast=1.0, depth=-2.0, draggable=False, flipHoriz=False, flipVert=False, font='Broadway', fontFiles=[], height=0.05, italic=False, languageStyle='LTR', name='textClocktimer', opacity=1, ori=0.0, pos=array([0.6, 0.4]), rgb=UNKNOWN, text='', units='height', win=Window(...), wrapWidth=1)
5.4710 	EXP 	Created text_Taskquestion = TextStim(__class__=<class 'psychopy.visual.text.TextStim'>, alignHoriz=method-wrapper(...), alignText='center', alignVert=method-wrapper(...), anchorHoriz='center', anchorVert='center', antialias=True, autoDraw=False, autoLog=True, bold=False, color=array([-0.23137255, -0.34117647, -0.02745098]), colorSpace='rgb', contrast=1.0, depth=0.0, draggable=False, flipHoriz=False, flipVert=False, font='Broadway', fontFiles=[], height=0.05, italic=False, languageStyle='Arabic', name='text_Taskquestion', opacity=1, ori=0.0, pos=array([0. , 0.2]), rgb=UNKNOWN, text='', units='height', win=Window(...), wrapWidth=1)
5.4797 	DEBUG 	TextBox2 loaded 1 chars with 0 blanks and 1 valid
5.4800 	DEBUG 	Uploading Texture Font fontname to graphics card
5.4818 	DEBUG 	Upload of Texture Font fontname complete
5.4845 	EXP 	Created TaskCounter = TextStim(__class__=<class 'psychopy.visual.text.TextStim'>, alignHoriz=method-wrapper(...), alignText='center', alignVert=method-wrapper(...), anchorHoriz='center', anchorVert='center', antialias=True, autoDraw=False, autoLog=True, bold=False, color=array([-0.23137255, -0.34117647, -0.02745098]), colorSpace='rgb', contrast=1.0, depth=-3.0, draggable=False, flipHoriz=False, flipVert=False, font='Arial', fontFiles=[], height=0.05, italic=False, languageStyle='LTR', name='TaskCounter', opacity=1, ori=0.0, pos=array([0. , 0.4]), rgb=UNKNOWN, text='', units='height', win=Window(...), wrapWidth=1)
5.4992 	EXP 	Created text_Goodbye = TextStim(__class__=<class 'psychopy.visual.text.TextStim'>, alignHoriz=method-wrapper(...), alignText='center', alignVert=method-wrapper(...), anchorHoriz='center', anchorVert='center', antialias=True, autoDraw=False, autoLog=True, bold=False, color=array([-0.23137255, -0.34117647, -0.02745098]), colorSpace='rgb', contrast=1.0, depth=0.0, draggable=False, flipHoriz=False, flipVert=False, font='Broadway', fontFiles=[], height=np.float64(0.1), italic=False, languageStyle='LTR', name='text_Goodbye', opacity=1, ori=0.0, pos=array([0., 0.]), rgb=UNKNOWN, text=str(...), units='height', win=Window(...), wrapWidth=1)
0.1941 	EXP 	textbox_baseline_input: autoLog = True
0.1941 	EXP 	textbox_answer: autoLog = True
0.2137 	EXP 	textWelcome: autoDraw = True
0.2137 	EXP 	polygonStart: autoDraw = True
0.2137 	EXP 	text_ButtonStart: autoDraw = True
1.9125 	DATA 	Keypress: escape
1.9173 	EXP 	Device response: <KeyPress from None: t=1.9094935999892186, value=escape, duration=None>
2.0284 	EXP 	Device response: <KeyPress from None: t=1.9094935999892186, value=escape, duration=0.10848320001969114>
2.0285 	EXP 	ArabicTask: status = STOPPED
2.0420 	EXP 	textWelcome: autoDraw = False
2.0420 	EXP 	polygonStart: autoDraw = False
2.0420 	EXP 	text_ButtonStart: autoDraw = False
2.0445 	EXP 	ArabicTask: status = STOPPED
2.0471 	INFO 	saved data to 'C:\\Users\\HP\\Downloads\\MASTER RESEARCH\\Ar_L2\\data\\pilot_ArabicTask_2026-08-06_11h26.36.688.csv'
2.0477 	INFO 	saved data to C:\Users\HP\Downloads\MASTER RESEARCH\Ar_L2\data\pilot_ArabicTask_2026-08-06_11h26.36.688.psydat
2.2459 	DEBUG 	Saving data for ArabicTask ExperimentHandler
2.2504 	INFO 	Stopping keyboard key buffers.
