5.5608 	INFO 	Loaded monitor calibration from ['2026_06_24 03:29']
5.9516 	INFO 	Using renderer 'NVIDIA GeForce MX250/PCIe/SSE2' for graphics
5.9516 	INFO 	OpenGL version supported by driver is 4..
5.9780 	EXP 	Created window1 = Window(allowGUI=True, allowStencil=True, autoLog=True, backendConf=UNKNOWN, backgroundFit=<method-wrapper '__getattribute__' of attributeSetter object at 0x000001FF12B51840>, backgroundImage=<method-wrapper '__getattribute__' of attributeSetter object at 0x000001FF12B517E0>, bitsMode=UNKNOWN, blendMode='avg', bpc=(8, 8, 8), color='beb0df', colorSpace='hex', depthBits=8, fullscr=False, gamma=None, gammaErrorPolicy='raise', infoMsg=UNKNOWN, lms=UNKNOWN, monitor=<psychopy.monitors.calibTools.Monitor object at 0x000001FF12C04DF0>, multiSample=False, name='window1', numSamples=2, pos=[np.float64(560.0), np.float64(240.0)], screen=0, size=array([800, 600]), stencilBits=8, stereo=False, title='PsychoPy', units='height', useFBO=True, useRetina=False, viewOri=0.0, viewPos=None, viewScale=None, waitBlanking=True, winType='pyglet')
6.0218 	EXP 	Created unnamed ImageStim = ImageStim(__class__=<class 'psychopy.visual.image.ImageStim'>, anchor=('center', 'center'), autoLog=True, color=array([1., 1., 1.]), colorSpace='rgb', contrast=1.0, depth=0, draggable=False, flipHoriz=np.False_, flipVert=np.False_, image='background.jpg', interpolate=False, mask=None, maskParams=None, name='unnamed ImageStim', opacity=1, ori=0.0, pos=array([0., 0.]), size=array([2.27666667, 1.28      ]), texRes=128, units='height', win=Window(...))
6.0218 	EXP 	window1: backgroundImage = 'background.jpg'
6.0222 	EXP 	window1: backgroundFit = 'contain'
6.0464 	DEBUG 	TextBox2 loaded 1 chars with 0 blanks and 1 valid
6.0613 	DEBUG 	TextBox2 loaded 1 chars with 0 blanks and 1 valid
6.0758 	DEBUG 	TextBox2 loaded 1 chars with 0 blanks and 1 valid
6.0912 	DEBUG 	TextBox2 loaded 1 chars with 0 blanks and 1 valid
6.1072 	DEBUG 	TextBox2 loaded 1 chars with 0 blanks and 1 valid
6.1222 	DEBUG 	TextBox2 loaded 1 chars with 0 blanks and 1 valid
6.1368 	DEBUG 	TextBox2 loaded 1 chars with 0 blanks and 1 valid
6.1511 	DEBUG 	TextBox2 loaded 1 chars with 0 blanks and 1 valid
6.1652 	DEBUG 	TextBox2 loaded 1 chars with 0 blanks and 1 valid
6.1792 	DEBUG 	TextBox2 loaded 1 chars with 0 blanks and 1 valid
6.1934 	DEBUG 	TextBox2 loaded 1 chars with 0 blanks and 1 valid
6.2080 	DEBUG 	TextBox2 loaded 1 chars with 0 blanks and 1 valid
6.2219 	DEBUG 	TextBox2 loaded 1 chars with 0 blanks and 1 valid
6.2362 	DEBUG 	TextBox2 loaded 1 chars with 0 blanks and 1 valid
6.2504 	DEBUG 	TextBox2 loaded 1 chars with 0 blanks and 1 valid
6.2649 	DEBUG 	TextBox2 loaded 1 chars with 0 blanks and 1 valid
6.2791 	DEBUG 	TextBox2 loaded 1 chars with 0 blanks and 1 valid
6.2931 	DEBUG 	TextBox2 loaded 1 chars with 0 blanks and 1 valid
6.3077 	DEBUG 	TextBox2 loaded 1 chars with 0 blanks and 1 valid
6.3220 	DEBUG 	TextBox2 loaded 1 chars with 0 blanks and 1 valid
6.3370 	DEBUG 	TextBox2 loaded 1 chars with 0 blanks and 1 valid
6.3517 	DEBUG 	TextBox2 loaded 1 chars with 0 blanks and 1 valid
6.3663 	DEBUG 	TextBox2 loaded 1 chars with 0 blanks and 1 valid
6.3810 	DEBUG 	TextBox2 loaded 1 chars with 0 blanks and 1 valid
6.3962 	DEBUG 	TextBox2 loaded 1 chars with 0 blanks and 1 valid
6.4106 	DEBUG 	TextBox2 loaded 1 chars with 0 blanks and 1 valid
6.4247 	DEBUG 	TextBox2 loaded 1 chars with 0 blanks and 1 valid
6.4379 	DEBUG 	TextBox2 loaded 1 chars with 0 blanks and 1 valid
6.4383 	DEBUG 	Uploading Texture Font fontname to graphics card
6.4405 	DEBUG 	Upload of Texture Font fontname complete
6.4603 	DEBUG 	TextBox2 loaded 1 chars with 0 blanks and 1 valid
6.4744 	DEBUG 	TextBox2 loaded 1 chars with 0 blanks and 1 valid
6.4747 	DEBUG 	Uploading Texture Font fontname to graphics card
6.4798 	DEBUG 	Upload of Texture Font fontname complete
6.5250 	INFO 	keyboard.Keyboard is using ptb backend.
6.5250 	EXP 	ArabicTask: status = STARTED
6.5931 	EXP 	Created textWelcome = TextStim(__class__=<class 'psychopy.visual.text.TextStim'>, alignHoriz=method-wrapper(...), alignText='center', alignVert=method-wrapper(...), anchorHoriz='center', anchorVert='center', antialias=True, autoDraw=False, autoLog=True, bold=False, color=array([-0.23137255, -0.34117647, -0.02745098]), colorSpace='rgb', contrast=1.0, depth=-2.0, draggable=False, flipHoriz=False, flipVert=False, font='Broadway', fontFiles=[], height=np.float64(0.1), italic=False, languageStyle='Arabic', name='textWelcome', opacity=1, ori=0.0, pos=array([0. , 0.1]), rgb=UNKNOWN, text=str(...), units='height', win=Window(...), wrapWidth=1)
6.5968 	EXP 	Created polygonStart = ShapeStim(__class__=<class 'psychopy.visual.shape.ShapeStim'>, anchor=('center', 'center'), autoDraw=False, autoLog=True, closeShape=True, color=method-wrapper(...), colorSpace='hex', contrast=None, depth=-3.0, draggable=False, fillColor='b6a7da', fillColorSpace='hex', fillRGB=array([0.42745098, 0.30980392, 0.70980392]), interpolate=False, lineColor='#b6a7da', lineColorSpace='hex', lineRGB=array([0.42745098, 0.30980392, 0.70980392]), lineWidth=2.0, name='polygonStart', opacity=1, ori=0.0, pos=array([ 0. , -0.3]), size=array([0.35, 0.35]), units='height', vertices=ndarray(...), win=Window(...), windingRule=None)
6.6061 	EXP 	Created text_ButtonStart = TextStim(__class__=<class 'psychopy.visual.text.TextStim'>, alignHoriz=method-wrapper(...), alignText='center', alignVert=method-wrapper(...), anchorHoriz='center', anchorVert='center', antialias=True, autoDraw=False, autoLog=True, bold=False, color=array([1., 1., 1.]), colorSpace='rgb', contrast=1.0, depth=-4.0, draggable=False, flipHoriz=False, flipVert=False, font='Broadway', fontFiles=[], height=np.float64(0.045), italic=False, languageStyle='Arabic', name='text_ButtonStart', opacity=1, ori=0.0, pos=array([ 0. , -0.3]), rgb=UNKNOWN, text='START\nﺍﺪﺑﺇ', units='height', win=Window(...), wrapWidth=1)
6.6537 	EXP 	Created baseline_typing = TextStim(__class__=<class 'psychopy.visual.text.TextStim'>, alignHoriz=method-wrapper(...), alignText='center', alignVert=method-wrapper(...), anchorHoriz='center', anchorVert='center', antialias=True, autoDraw=False, autoLog=True, bold=False, color=array([-0.23137255, -0.34117647, -0.02745098]), colorSpace='rgb', contrast=1.0, depth=0.0, draggable=False, flipHoriz=False, flipVert=False, font='Bahnschrift', fontFiles=[], height=np.float64(0.05), italic=False, languageStyle='Arabic', name='baseline_typing', opacity=1, ori=0.0, pos=array([0. , 0.1]), rgb=UNKNOWN, text=str(...), units='height', win=Window(...), wrapWidth=1)
6.6578 	EXP 	Created polygonBaseline = ShapeStim(__class__=<class 'psychopy.visual.shape.ShapeStim'>, anchor=('center', 'center'), autoDraw=False, autoLog=True, closeShape=True, color=method-wrapper(...), colorSpace='hex', contrast=None, depth=-1.0, draggable=False, fillColor='b6a7da', fillColorSpace='hex', fillRGB=array([0.42745098, 0.30980392, 0.70980392]), interpolate=True, lineColor='#b6a7da', lineColorSpace='hex', lineRGB=array([0.42745098, 0.30980392, 0.70980392]), lineWidth=2.0, name='polygonBaseline', opacity=1, ori=0.0, pos=array([ 0. , -0.3]), size=array([0.35, 0.35]), units='height', vertices=ndarray(...), win=Window(...), windingRule=None)
6.6653 	EXP 	Created textBaseline_Start = TextStim(__class__=<class 'psychopy.visual.text.TextStim'>, alignHoriz=method-wrapper(...), alignText='center', alignVert=method-wrapper(...), anchorHoriz='center', anchorVert='center', antialias=True, autoDraw=False, autoLog=True, bold=False, color=array([1., 1., 1.]), colorSpace='rgb', contrast=1.0, depth=-2.0, draggable=False, flipHoriz=False, flipVert=False, font='Broadway', fontFiles=[], height=np.float64(0.045), italic=False, languageStyle='Arabic', name='textBaseline_Start', opacity=1, ori=0.0, pos=array([ 0. , -0.3]), rgb=UNKNOWN, text='Begin\nﺍﺪﺑﺇ', units='height', win=Window(...), wrapWidth=1)
6.6978 	EXP 	Created baseline_Paragraph = TextStim(__class__=<class 'psychopy.visual.text.TextStim'>, alignHoriz=method-wrapper(...), alignText='center', alignVert=method-wrapper(...), anchorHoriz='center', anchorVert='center', antialias=True, autoDraw=False, autoLog=True, bold=False, color=array([-0.23137255, -0.34117647, -0.02745098]), colorSpace='rgb', contrast=1.0, depth=0.0, draggable=False, flipHoriz=False, flipVert=False, font='Bahnschrift', fontFiles=[], height=np.float64(0.05), italic=False, languageStyle='Arabic', name='baseline_Paragraph', opacity=1, ori=0.0, pos=array([0. , 0.2]), rgb=UNKNOWN, text=str(...), units='height', win=Window(...), wrapWidth=1)
6.7074 	DEBUG 	TextBox2 loaded 1 chars with 0 blanks and 1 valid
6.7088 	DEBUG 	TextBox2 loaded 1 chars with 0 blanks and 1 valid
6.7101 	DEBUG 	TextBox2 loaded 1 chars with 0 blanks and 1 valid
6.7112 	DEBUG 	TextBox2 loaded 1 chars with 0 blanks and 1 valid
6.7118 	DEBUG 	TextBox2 loaded 1 chars with 0 blanks and 1 valid
6.7123 	DEBUG 	TextBox2 loaded 1 chars with 0 blanks and 1 valid
6.7134 	DEBUG 	TextBox2 loaded 1 chars with 0 blanks and 1 valid
6.7143 	DEBUG 	TextBox2 loaded 1 chars with 0 blanks and 1 valid
6.7149 	DEBUG 	TextBox2 loaded 1 chars with 0 blanks and 1 valid
6.7161 	DEBUG 	TextBox2 loaded 1 chars with 0 blanks and 1 valid
6.7171 	DEBUG 	TextBox2 loaded 1 chars with 0 blanks and 1 valid
6.7183 	DEBUG 	TextBox2 loaded 1 chars with 0 blanks and 1 valid
6.7195 	DEBUG 	TextBox2 loaded 1 chars with 0 blanks and 1 valid
6.7205 	DEBUG 	TextBox2 loaded 1 chars with 0 blanks and 1 valid
6.7218 	DEBUG 	TextBox2 loaded 1 chars with 0 blanks and 1 valid
6.7222 	DEBUG 	Uploading Texture Font fontname to graphics card
6.7240 	DEBUG 	Upload of Texture Font fontname complete
6.7263 	EXP 	Created textClocktimer = TextStim(__class__=<class 'psychopy.visual.text.TextStim'>, alignHoriz=method-wrapper(...), alignText='center', alignVert=method-wrapper(...), anchorHoriz='center', anchorVert='center', antialias=True, autoDraw=False, autoLog=True, bold=False, color=array([ 0.09019608, -1.        , -1.        ]), colorSpace='rgb', contrast=1.0, depth=-2.0, draggable=False, flipHoriz=False, flipVert=False, font='Broadway', fontFiles=[], height=0.05, italic=False, languageStyle='LTR', name='textClocktimer', opacity=1, ori=0.0, pos=array([0.6, 0.4]), rgb=UNKNOWN, text='', units='height', win=Window(...), wrapWidth=1)
6.7277 	EXP 	Created text_Taskquestion = TextStim(__class__=<class 'psychopy.visual.text.TextStim'>, alignHoriz=method-wrapper(...), alignText='center', alignVert=method-wrapper(...), anchorHoriz='center', anchorVert='center', antialias=True, autoDraw=False, autoLog=True, bold=False, color=array([-0.23137255, -0.34117647, -0.02745098]), colorSpace='rgb', contrast=1.0, depth=0.0, draggable=False, flipHoriz=False, flipVert=False, font='Broadway', fontFiles=[], height=0.05, italic=False, languageStyle='Arabic', name='text_Taskquestion', opacity=1, ori=0.0, pos=array([0. , 0.2]), rgb=UNKNOWN, text='', units='height', win=Window(...), wrapWidth=1)
6.7358 	DEBUG 	TextBox2 loaded 1 chars with 0 blanks and 1 valid
6.7361 	DEBUG 	Uploading Texture Font fontname to graphics card
6.7387 	DEBUG 	Upload of Texture Font fontname complete
6.7414 	EXP 	Created TaskCounter = TextStim(__class__=<class 'psychopy.visual.text.TextStim'>, alignHoriz=method-wrapper(...), alignText='center', alignVert=method-wrapper(...), anchorHoriz='center', anchorVert='center', antialias=True, autoDraw=False, autoLog=True, bold=False, color=array([-0.23137255, -0.34117647, -0.02745098]), colorSpace='rgb', contrast=1.0, depth=-3.0, draggable=False, flipHoriz=False, flipVert=False, font='Arial', fontFiles=[], height=0.05, italic=False, languageStyle='LTR', name='TaskCounter', opacity=1, ori=0.0, pos=array([0. , 0.4]), rgb=UNKNOWN, text='', units='height', win=Window(...), wrapWidth=1)
6.7595 	EXP 	Created text_Goodbye = TextStim(__class__=<class 'psychopy.visual.text.TextStim'>, alignHoriz=method-wrapper(...), alignText='center', alignVert=method-wrapper(...), anchorHoriz='center', anchorVert='center', antialias=True, autoDraw=False, autoLog=True, bold=False, color=array([-0.23137255, -0.34117647, -0.02745098]), colorSpace='rgb', contrast=1.0, depth=0.0, draggable=False, flipHoriz=False, flipVert=False, font='Broadway', fontFiles=[], height=np.float64(0.1), italic=False, languageStyle='LTR', name='text_Goodbye', opacity=1, ori=0.0, pos=array([0., 0.]), rgb=UNKNOWN, text=str(...), units='height', win=Window(...), wrapWidth=1)
0.2237 	EXP 	textbox_baseline_input: autoLog = True
0.2237 	EXP 	textbox_answer: autoLog = True
0.2468 	EXP 	textWelcome: autoDraw = True
0.2468 	EXP 	polygonStart: autoDraw = True
0.2468 	EXP 	text_ButtonStart: autoDraw = True
1.0002 	DATA 	Mouse: Left button down, pos=(432,114)
1.0132 	EXP 	textWelcome: autoDraw = False
1.0132 	EXP 	polygonStart: autoDraw = False
1.0132 	EXP 	text_ButtonStart: autoDraw = False
1.0132 	EXP 	baseline_typing: autoDraw = True
1.0132 	EXP 	polygonBaseline: autoDraw = True
1.0132 	EXP 	textBaseline_Start: autoDraw = True
1.1332 	DATA 	Mouse:  Left button up, pos=(432,114)
1.4331 	DATA 	Mouse: Left button down, pos=(432,114)
1.4639 	EXP 	baseline_typing: autoDraw = False
1.4639 	EXP 	polygonBaseline: autoDraw = False
1.4639 	EXP 	textBaseline_Start: autoDraw = False
1.4639 	EXP 	baseline_Paragraph: autoDraw = True
1.4639 	EXP 	textbox_baseline_input: autoDraw = True
1.4639 	EXP 	textClocktimer: autoDraw = True
1.5700 	DATA 	Mouse:  Left button up, pos=(432,114)
31.4541 	DEBUG 	Read excel file with openpyxl: IntialTask.xlsx
31.4543 	EXP 	Imported IntialTask.xlsx as conditions, 4 conditions, 2 params
31.4545 	EXP 	New trial (rep=0, index=0): <Trial 0 (0 in rep 0) data={'Question': '(مشى) + مجزوم', 'Correct_Answer': 'يمش', 'thisN': 0, 'thisTrialN': 0, 'thisRepN': 0}>
31.4944 	INFO 	Keyboard events cleared
31.4943 	EXP 	baseline_Paragraph: autoDraw = False
31.4943 	EXP 	textbox_baseline_input: autoDraw = False
31.4943 	EXP 	textClocktimer: autoDraw = False
31.4943 	EXP 	text_Taskquestion: height = np.float64(0.05)
31.4943 	EXP 	text_Taskquestion: height = np.float64(0.05)
31.4943 	EXP 	text_Taskquestion: height = np.float64(0.05)
31.4943 	EXP 	text_Taskquestion: text = '(مشى) + مجزوم'
31.4943 	EXP 	TaskCounter: height = np.float64(0.05)
31.4943 	EXP 	TaskCounter: height = np.float64(0.05)
31.4943 	EXP 	TaskCounter: height = np.float64(0.05)
31.4943 	EXP 	TaskCounter: text = ' السؤال1 :املأ الفراغ بتصريف الفعل الصحيح'
31.4943 	EXP 	text_Taskquestion: autoDraw = True
31.4943 	EXP 	textbox_answer: autoDraw = True
31.4943 	EXP 	TaskCounter: autoDraw = True
35.0558 	EXP 	Device response: <KeyPress from None: t=35.038846999999805, value=escape, duration=None>
35.0600 	DATA 	Keypress: escape
35.1980 	EXP 	Device response: <KeyPress from None: t=35.038846999999805, value=escape, duration=0.1440747999999985>
35.1981 	EXP 	ArabicTask: status = STOPPED
35.2114 	EXP 	text_Taskquestion: autoDraw = False
35.2114 	EXP 	textbox_answer: autoDraw = False
35.2114 	EXP 	TaskCounter: autoDraw = False
35.2137 	EXP 	ArabicTask: status = STOPPED
35.2214 	INFO 	saved data to 'C:\\Users\\HP\\Downloads\\MASTER RESEARCH\\Ar_L2\\data\\pilot_ArabicTask_2026-09-24_10h41.27.156.csv'
35.2224 	INFO 	saved data to C:\Users\HP\Downloads\MASTER RESEARCH\Ar_L2\data\pilot_ArabicTask_2026-09-24_10h41.27.156.psydat
35.3489 	DEBUG 	Saving data for ArabicTask ExperimentHandler
35.3502 	INFO 	Stopping keyboard key buffers.
