4.4825 	INFO 	Loaded monitor calibration from ['2026_06_24 03:29']
4.8346 	INFO 	Using renderer 'NVIDIA GeForce MX250/PCIe/SSE2' for graphics
4.8346 	INFO 	OpenGL version supported by driver is 4..
4.8648 	EXP 	Created window1 = Window(allowGUI=True, allowStencil=True, autoLog=True, backendConf=UNKNOWN, backgroundFit=<method-wrapper '__getattribute__' of attributeSetter object at 0x0000022836D918A0>, backgroundImage=<method-wrapper '__getattribute__' of attributeSetter object at 0x0000022836D91840>, bitsMode=UNKNOWN, blendMode='avg', bpc=(8, 8, 8), color='beb0df', colorSpace='hex', depthBits=8, fullscr=False, gamma=None, gammaErrorPolicy='raise', infoMsg=UNKNOWN, lms=UNKNOWN, monitor=<psychopy.monitors.calibTools.Monitor object at 0x0000022836E44E50>, multiSample=False, name='window1', numSamples=2, pos=[np.float64(560.0), np.float64(240.0)], screen=0, size=array([800, 600]), stencilBits=8, stereo=False, title='PsychoPy', units='height', useFBO=True, useRetina=False, viewOri=0.0, viewPos=None, viewScale=None, waitBlanking=True, winType='pyglet')
4.8999 	EXP 	Created unnamed ImageStim = ImageStim(__class__=<class 'psychopy.visual.image.ImageStim'>, anchor=('center', 'center'), autoLog=True, color=array([1., 1., 1.]), colorSpace='rgb', contrast=1.0, depth=0, draggable=False, flipHoriz=np.False_, flipVert=np.False_, image='background.jpg', interpolate=False, mask=None, maskParams=None, name='unnamed ImageStim', opacity=1, ori=0.0, pos=array([0., 0.]), size=array([2.27666667, 1.28      ]), texRes=128, units='height', win=Window(...))
4.8999 	EXP 	window1: backgroundImage = 'background.jpg'
4.9002 	EXP 	window1: backgroundFit = 'contain'
4.9258 	DEBUG 	TextBox2 loaded 1 chars with 0 blanks and 1 valid
4.9416 	DEBUG 	TextBox2 loaded 1 chars with 0 blanks and 1 valid
4.9589 	DEBUG 	TextBox2 loaded 1 chars with 0 blanks and 1 valid
4.9769 	DEBUG 	TextBox2 loaded 1 chars with 0 blanks and 1 valid
4.9941 	DEBUG 	TextBox2 loaded 1 chars with 0 blanks and 1 valid
5.0102 	DEBUG 	TextBox2 loaded 1 chars with 0 blanks and 1 valid
5.0267 	DEBUG 	TextBox2 loaded 1 chars with 0 blanks and 1 valid
5.0418 	DEBUG 	TextBox2 loaded 1 chars with 0 blanks and 1 valid
5.0574 	DEBUG 	TextBox2 loaded 1 chars with 0 blanks and 1 valid
5.0720 	DEBUG 	TextBox2 loaded 1 chars with 0 blanks and 1 valid
5.0874 	DEBUG 	TextBox2 loaded 1 chars with 0 blanks and 1 valid
5.1089 	DEBUG 	TextBox2 loaded 1 chars with 0 blanks and 1 valid
5.1229 	DEBUG 	TextBox2 loaded 1 chars with 0 blanks and 1 valid
5.1372 	DEBUG 	TextBox2 loaded 1 chars with 0 blanks and 1 valid
5.1524 	DEBUG 	TextBox2 loaded 1 chars with 0 blanks and 1 valid
5.1685 	DEBUG 	TextBox2 loaded 1 chars with 0 blanks and 1 valid
5.1863 	DEBUG 	TextBox2 loaded 1 chars with 0 blanks and 1 valid
5.2023 	DEBUG 	TextBox2 loaded 1 chars with 0 blanks and 1 valid
5.2179 	DEBUG 	TextBox2 loaded 1 chars with 0 blanks and 1 valid
5.2332 	DEBUG 	TextBox2 loaded 1 chars with 0 blanks and 1 valid
5.2491 	DEBUG 	TextBox2 loaded 1 chars with 0 blanks and 1 valid
5.2649 	DEBUG 	TextBox2 loaded 1 chars with 0 blanks and 1 valid
5.2790 	DEBUG 	TextBox2 loaded 1 chars with 0 blanks and 1 valid
5.2934 	DEBUG 	TextBox2 loaded 1 chars with 0 blanks and 1 valid
5.3076 	DEBUG 	TextBox2 loaded 1 chars with 0 blanks and 1 valid
5.3218 	DEBUG 	TextBox2 loaded 1 chars with 0 blanks and 1 valid
5.3361 	DEBUG 	TextBox2 loaded 1 chars with 0 blanks and 1 valid
5.3500 	DEBUG 	TextBox2 loaded 1 chars with 0 blanks and 1 valid
5.3504 	DEBUG 	Uploading Texture Font fontname to graphics card
5.3520 	DEBUG 	Upload of Texture Font fontname complete
5.3748 	DEBUG 	TextBox2 loaded 1 chars with 0 blanks and 1 valid
5.3892 	DEBUG 	TextBox2 loaded 1 chars with 0 blanks and 1 valid
5.3895 	DEBUG 	Uploading Texture Font fontname to graphics card
5.3957 	DEBUG 	Upload of Texture Font fontname complete
5.4444 	INFO 	keyboard.Keyboard is using ptb backend.
5.4445 	EXP 	ArabicTask: status = STARTED
5.5209 	EXP 	Created textWelcome = TextStim(__class__=<class 'psychopy.visual.text.TextStim'>, alignHoriz=method-wrapper(...), alignText='center', alignVert=method-wrapper(...), anchorHoriz='center', anchorVert='center', antialias=True, autoDraw=False, autoLog=True, bold=False, color=array([-0.23137255, -0.34117647, -0.02745098]), colorSpace='rgb', contrast=1.0, depth=-2.0, draggable=False, flipHoriz=False, flipVert=False, font='Broadway', fontFiles=[], height=np.float64(0.1), italic=False, languageStyle='Arabic', name='textWelcome', opacity=1, ori=0.0, pos=array([0. , 0.1]), rgb=UNKNOWN, text=str(...), units='height', win=Window(...), wrapWidth=1)
5.5255 	EXP 	Created polygonStart = ShapeStim(__class__=<class 'psychopy.visual.shape.ShapeStim'>, anchor=('center', 'center'), autoDraw=False, autoLog=True, closeShape=True, color=method-wrapper(...), colorSpace='hex', contrast=None, depth=-3.0, draggable=False, fillColor='b6a7da', fillColorSpace='hex', fillRGB=array([0.42745098, 0.30980392, 0.70980392]), interpolate=False, lineColor='#b6a7da', lineColorSpace='hex', lineRGB=array([0.42745098, 0.30980392, 0.70980392]), lineWidth=2.0, name='polygonStart', opacity=1, ori=0.0, pos=array([ 0. , -0.3]), size=array([0.35, 0.35]), units='height', vertices=ndarray(...), win=Window(...), windingRule=None)
5.5359 	EXP 	Created text_ButtonStart = TextStim(__class__=<class 'psychopy.visual.text.TextStim'>, alignHoriz=method-wrapper(...), alignText='center', alignVert=method-wrapper(...), anchorHoriz='center', anchorVert='center', antialias=True, autoDraw=False, autoLog=True, bold=False, color=array([1., 1., 1.]), colorSpace='rgb', contrast=1.0, depth=-4.0, draggable=False, flipHoriz=False, flipVert=False, font='Broadway', fontFiles=[], height=np.float64(0.045), italic=False, languageStyle='Arabic', name='text_ButtonStart', opacity=1, ori=0.0, pos=array([ 0. , -0.3]), rgb=UNKNOWN, text='START\nﺍﺪﺑﺇ', units='height', win=Window(...), wrapWidth=1)
5.6005 	EXP 	Created baseline_typing = TextStim(__class__=<class 'psychopy.visual.text.TextStim'>, alignHoriz=method-wrapper(...), alignText='center', alignVert=method-wrapper(...), anchorHoriz='center', anchorVert='center', antialias=True, autoDraw=False, autoLog=True, bold=False, color=array([-0.23137255, -0.34117647, -0.02745098]), colorSpace='rgb', contrast=1.0, depth=0.0, draggable=False, flipHoriz=False, flipVert=False, font='Bahnschrift', fontFiles=[], height=np.float64(0.05), italic=False, languageStyle='Arabic', name='baseline_typing', opacity=1, ori=0.0, pos=array([0. , 0.1]), rgb=UNKNOWN, text=str(...), units='height', win=Window(...), wrapWidth=1)
5.6061 	EXP 	Created polygonBaseline = ShapeStim(__class__=<class 'psychopy.visual.shape.ShapeStim'>, anchor=('center', 'center'), autoDraw=False, autoLog=True, closeShape=True, color=method-wrapper(...), colorSpace='hex', contrast=None, depth=-1.0, draggable=False, fillColor='b6a7da', fillColorSpace='hex', fillRGB=array([0.42745098, 0.30980392, 0.70980392]), interpolate=True, lineColor='#b6a7da', lineColorSpace='hex', lineRGB=array([0.42745098, 0.30980392, 0.70980392]), lineWidth=2.0, name='polygonBaseline', opacity=1, ori=0.0, pos=array([ 0. , -0.3]), size=array([0.35, 0.35]), units='height', vertices=ndarray(...), win=Window(...), windingRule=None)
5.6158 	EXP 	Created textBaseline_Start = TextStim(__class__=<class 'psychopy.visual.text.TextStim'>, alignHoriz=method-wrapper(...), alignText='center', alignVert=method-wrapper(...), anchorHoriz='center', anchorVert='center', antialias=True, autoDraw=False, autoLog=True, bold=False, color=array([1., 1., 1.]), colorSpace='rgb', contrast=1.0, depth=-2.0, draggable=False, flipHoriz=False, flipVert=False, font='Broadway', fontFiles=[], height=np.float64(0.045), italic=False, languageStyle='Arabic', name='textBaseline_Start', opacity=1, ori=0.0, pos=array([ 0. , -0.3]), rgb=UNKNOWN, text='Begin\nﺍﺪﺑﺇ', units='height', win=Window(...), wrapWidth=1)
5.6684 	EXP 	Created baseline_Paragraph = TextStim(__class__=<class 'psychopy.visual.text.TextStim'>, alignHoriz=method-wrapper(...), alignText='center', alignVert=method-wrapper(...), anchorHoriz='center', anchorVert='center', antialias=True, autoDraw=False, autoLog=True, bold=False, color=array([-0.23137255, -0.34117647, -0.02745098]), colorSpace='rgb', contrast=1.0, depth=0.0, draggable=False, flipHoriz=False, flipVert=False, font='Bahnschrift', fontFiles=[], height=np.float64(0.05), italic=False, languageStyle='Arabic', name='baseline_Paragraph', opacity=1, ori=0.0, pos=array([0. , 0.2]), rgb=UNKNOWN, text=str(...), units='height', win=Window(...), wrapWidth=1)
5.6906 	DEBUG 	TextBox2 loaded 1 chars with 0 blanks and 1 valid
5.6930 	DEBUG 	TextBox2 loaded 1 chars with 0 blanks and 1 valid
5.6947 	DEBUG 	TextBox2 loaded 1 chars with 0 blanks and 1 valid
5.6962 	DEBUG 	TextBox2 loaded 1 chars with 0 blanks and 1 valid
5.6972 	DEBUG 	TextBox2 loaded 1 chars with 0 blanks and 1 valid
5.6981 	DEBUG 	TextBox2 loaded 1 chars with 0 blanks and 1 valid
5.6995 	DEBUG 	TextBox2 loaded 1 chars with 0 blanks and 1 valid
5.7008 	DEBUG 	TextBox2 loaded 1 chars with 0 blanks and 1 valid
5.7018 	DEBUG 	TextBox2 loaded 1 chars with 0 blanks and 1 valid
5.7036 	DEBUG 	TextBox2 loaded 1 chars with 0 blanks and 1 valid
5.7056 	DEBUG 	TextBox2 loaded 1 chars with 0 blanks and 1 valid
5.7079 	DEBUG 	TextBox2 loaded 1 chars with 0 blanks and 1 valid
5.7101 	DEBUG 	TextBox2 loaded 1 chars with 0 blanks and 1 valid
5.7131 	DEBUG 	TextBox2 loaded 1 chars with 0 blanks and 1 valid
5.7151 	DEBUG 	TextBox2 loaded 1 chars with 0 blanks and 1 valid
5.7155 	DEBUG 	Uploading Texture Font fontname to graphics card
5.7176 	DEBUG 	Upload of Texture Font fontname complete
5.7207 	EXP 	Created textClocktimer = TextStim(__class__=<class 'psychopy.visual.text.TextStim'>, alignHoriz=method-wrapper(...), alignText='center', alignVert=method-wrapper(...), anchorHoriz='center', anchorVert='center', antialias=True, autoDraw=False, autoLog=True, bold=False, color=array([ 0.09019608, -1.        , -1.        ]), colorSpace='rgb', contrast=1.0, depth=-2.0, draggable=False, flipHoriz=False, flipVert=False, font='Broadway', fontFiles=[], height=0.05, italic=False, languageStyle='LTR', name='textClocktimer', opacity=1, ori=0.0, pos=array([0.6, 0.4]), rgb=UNKNOWN, text='', units='height', win=Window(...), wrapWidth=1)
5.7230 	EXP 	Created text_Taskquestion = TextStim(__class__=<class 'psychopy.visual.text.TextStim'>, alignHoriz=method-wrapper(...), alignText='center', alignVert=method-wrapper(...), anchorHoriz='center', anchorVert='center', antialias=True, autoDraw=False, autoLog=True, bold=False, color=array([-0.23137255, -0.34117647, -0.02745098]), colorSpace='rgb', contrast=1.0, depth=0.0, draggable=False, flipHoriz=False, flipVert=False, font='Broadway', fontFiles=[], height=0.05, italic=False, languageStyle='Arabic', name='text_Taskquestion', opacity=1, ori=0.0, pos=array([0. , 0.2]), rgb=UNKNOWN, text='', units='height', win=Window(...), wrapWidth=1)
5.7379 	DEBUG 	TextBox2 loaded 1 chars with 0 blanks and 1 valid
5.7382 	DEBUG 	Uploading Texture Font fontname to graphics card
5.7408 	DEBUG 	Upload of Texture Font fontname complete
5.7441 	EXP 	Created TaskCounter = TextStim(__class__=<class 'psychopy.visual.text.TextStim'>, alignHoriz=method-wrapper(...), alignText='center', alignVert=method-wrapper(...), anchorHoriz='center', anchorVert='center', antialias=True, autoDraw=False, autoLog=True, bold=False, color=array([-0.23137255, -0.34117647, -0.02745098]), colorSpace='rgb', contrast=1.0, depth=-3.0, draggable=False, flipHoriz=False, flipVert=False, font='Arial', fontFiles=[], height=0.05, italic=False, languageStyle='LTR', name='TaskCounter', opacity=1, ori=0.0, pos=array([0. , 0.4]), rgb=UNKNOWN, text='', units='height', win=Window(...), wrapWidth=1)
5.7642 	EXP 	Created text_Goodbye = TextStim(__class__=<class 'psychopy.visual.text.TextStim'>, alignHoriz=method-wrapper(...), alignText='center', alignVert=method-wrapper(...), anchorHoriz='center', anchorVert='center', antialias=True, autoDraw=False, autoLog=True, bold=False, color=array([-0.23137255, -0.34117647, -0.02745098]), colorSpace='rgb', contrast=1.0, depth=0.0, draggable=False, flipHoriz=False, flipVert=False, font='Broadway', fontFiles=[], height=np.float64(0.1), italic=False, languageStyle='LTR', name='text_Goodbye', opacity=1, ori=0.0, pos=array([0., 0.]), rgb=UNKNOWN, text=str(...), units='height', win=Window(...), wrapWidth=1)
0.2531 	EXP 	textbox_baseline_input: autoLog = True
0.2531 	EXP 	textbox_answer: autoLog = True
0.2783 	EXP 	textWelcome: autoDraw = True
0.2783 	EXP 	polygonStart: autoDraw = True
0.2783 	EXP 	text_ButtonStart: autoDraw = True
1.3639 	DATA 	Mouse: Left button down, pos=(427,119)
1.3773 	EXP 	textWelcome: autoDraw = False
1.3773 	EXP 	polygonStart: autoDraw = False
1.3773 	EXP 	text_ButtonStart: autoDraw = False
1.3773 	EXP 	baseline_typing: autoDraw = True
1.3773 	EXP 	polygonBaseline: autoDraw = True
1.3773 	EXP 	textBaseline_Start: autoDraw = True
1.4806 	DATA 	Mouse:  Left button up, pos=(427,119)
2.4129 	DATA 	Mouse: Left button down, pos=(427,119)
2.4442 	EXP 	baseline_typing: autoDraw = False
2.4442 	EXP 	polygonBaseline: autoDraw = False
2.4442 	EXP 	textBaseline_Start: autoDraw = False
2.4442 	EXP 	baseline_Paragraph: autoDraw = True
2.4442 	EXP 	textbox_baseline_input: autoDraw = True
2.4442 	EXP 	textClocktimer: autoDraw = True
2.5347 	DATA 	Mouse:  Left button up, pos=(427,119)
9.1354 	EXP 	Device response: <KeyPress from None: t=9.125057999999854, value=escape, duration=None>
9.1407 	DATA 	Keypress: escape
9.2966 	EXP 	Device response: <KeyPress from None: t=9.125057999999854, value=escape, duration=0.16034130000002733>
9.2966 	EXP 	ArabicTask: status = STOPPED
9.3103 	EXP 	baseline_Paragraph: autoDraw = False
9.3103 	EXP 	textbox_baseline_input: autoDraw = False
9.3103 	EXP 	textClocktimer: autoDraw = False
9.3130 	EXP 	ArabicTask: status = STOPPED
9.3158 	INFO 	saved data to 'C:\\Users\\HP\\Downloads\\MASTER RESEARCH\\Ar_L2\\data\\pilot_ArabicTask_2026-09-24_10h35.12.063.csv'
9.3165 	INFO 	saved data to C:\Users\HP\Downloads\MASTER RESEARCH\Ar_L2\data\pilot_ArabicTask_2026-09-24_10h35.12.063.psydat
9.4636 	DEBUG 	Saving data for ArabicTask ExperimentHandler
9.4652 	INFO 	Stopping keyboard key buffers.
